mode: atomic
github.com/Eun/go-bin-template/cmd/hello/hello.go:27.35,28.19 1 3
github.com/Eun/go-bin-template/cmd/hello/hello.go:28.19,31.3 2 1
github.com/Eun/go-bin-template/cmd/hello/hello.go:32.2,33.32 2 2
github.com/Eun/go-bin-template/cmd/hello/hello.go:33.32,36.3 2 1
github.com/Eun/go-bin-template/cmd/hello/hello.go:36.8,39.3 2 1
github.com/Eun/go-bin-template/cmd/hello/hello.go:40.2,40.12 1 2
github.com/Eun/go-bin-template/cmd/root/root.go:35.16,51.48 10 0
github.com/Eun/go-bin-template/cmd/root/root.go:51.48,53.35 2 0
github.com/Eun/go-bin-template/cmd/root/root.go:53.35,55.4 1 0
github.com/Eun/go-bin-template/cmd/root/root.go:56.3,59.24 3 0
github.com/Eun/go-bin-template/cmd/root/root.go:59.24,63.18 3 0
github.com/Eun/go-bin-template/cmd/root/root.go:63.18,65.5 1 0
github.com/Eun/go-bin-template/cmd/root/root.go:66.4,66.36 1 0
github.com/Eun/go-bin-template/cmd/root/root.go:68.3,69.13 2 0
github.com/Eun/go-bin-template/cmd/root/root.go:72.2,72.15 1 0
github.com/Eun/go-bin-template/cmd/root/root.go:72.15,73.21 1 0
github.com/Eun/go-bin-template/cmd/root/root.go:73.21,75.4 1 0
github.com/Eun/go-bin-template/cmd/root/root.go:76.3,77.41 2 0
github.com/Eun/go-bin-template/cmd/root/root.go:77.41,79.4 1 0
github.com/Eun/go-bin-template/cmd/root/root.go:82.2,82.41 1 0
github.com/Eun/go-bin-template/cmd/root/root.go:82.41,85.3 2 0
github.com/Eun/go-bin-template/cmd/root/root.go:86.2,86.10 1 0
github.com/Eun/go-bin-template/main.go:9.13,11.2 1 0
